SourceFile (Package "main") [ImportDecl [I1 "fmt"]] [TopLevelDecl2 (FunctionDecl2 "main" (Signature1 []) (Block [IfStmt (Ifstmt2 (BinExpr (CondExpr (Eq_ (UnaryExpr (PrimaryExpr (PrimaryExpr1 (Operand1 (BasicLit (IntLit 2)))))) (UnaryExpr (PrimaryExpr (PrimaryExpr1 (Operand1 (BasicLit (IntLit 2))))))))) (Block [SimpleStmt (ExpressionStmt (UnaryExpr (PrimaryExpr (PrimaryExpr7 (PrimaryExpr1 (Operand2 (OperandName2 (QualifiedIdent "fmt" "Print")))) (Arguments5 [UnaryExpr (PrimaryExpr (PrimaryExpr1 (Operand1 (BasicLit (IntLit 1)))))])))))]) (Else2 (Block [SimpleStmt (ExpressionStmt (UnaryExpr (PrimaryExpr (PrimaryExpr7 (PrimaryExpr1 (Operand2 (OperandName2 (QualifiedIdent "fmt" "Print")))) (Arguments5 [UnaryExpr (PrimaryExpr (PrimaryExpr1 (Operand1 (BasicLit (IntLit 2)))))])))))])))]))]
