SourceFile (Package "main") [ImportDecl [I1 "fmt"]] [TopLevelDecl1 (TypeDecl [TypeSpec "circle" (TypeLit (StructTypeLit (StructType1 [FieldDecl1 [IdDecl "radius"] (TypeName (TypeNameIdentifier "int"))])))]),TopLevelDecl3 (MethodDecl1 [ParameterDecl2 [IdDecl "c"] (TypeName (TypeNameIdentifier "circle"))] "diameter" (Signature2 [] (Result2 (TypeName (TypeNameIdentifier "int")))) (Block [ReturnStmt (BinExpr (AritmExpr (MulExpr (UnaryExpr (PrimaryExpr (PrimaryExpr1 (Operand2 (OperandName2 (QualifiedIdent "c" "radius")))))) (UnaryExpr (PrimaryExpr (PrimaryExpr1 (Operand1 (BasicLit (IntLit 2)))))))))])),TopLevelDecl2 (FunctionDecl2 "main" (Signature1 []) (Block []))]
