SourceFile (Package "main") [TopLevelDecl1 (TypeDecl [TypeSpec "human" (TypeLit (StructTypeLit (StructType1 [FieldDecl1 [IdDecl "name"] (TypeName (TypeNameIdentifier "string"))])))]),TopLevelDecl2 (FunctionDecl2 "main" (Signature1 []) (Block [SimpleStmt (ShortVarDecl [IdDecl "h"] [UnaryExpr (PrimaryExpr (PrimaryExpr1 (Operand1 (CompositeLit (LiteralType6 (TypeNameIdentifier "human")) (LiteralValue2 [KeyedElement2 (Key2 (UnaryExpr (PrimaryExpr (PrimaryExpr1 (Operand2 (OperandName1 "name")))))) (Element1 (UnaryExpr (PrimaryExpr (PrimaryExpr1 (Operand1 (BasicLit (StringLit "Rickety Cricket")))))))])))))]),SimpleStmt (ExpressionStmt (UnaryExpr (PrimaryExpr (PrimaryExpr7 (PrimaryExpr1 (Operand2 (OperandName2 (QualifiedIdent "fmt" "Println")))) (Arguments5 [UnaryExpr (PrimaryExpr (PrimaryExpr1 (Operand2 (OperandName2 (QualifiedIdent "h" "name")))))])))))]))]
