SourceFile (Package "main") [TopLevelDecl1 (VarDecl [IdDecl "abc1"] (TypeName (TypeNameIdentifier "int")) [Num 3]),TopLevelDecl1 (VarDecl [IdDecl "abc2"] (TypeName (TypeNameIdentifier "int")) [Num 2]),TopLevelDecl2 (FunctionDecl2 "main" Signature1 (Block [SimpleStmt (ExpressionStmt (PrintCall [BinExpr (AritmExpr (AddExpr (IdUse "abc1") (IdUse "abc2")))]))]))]
